stm32h7xx_it.c:74:6:NMI_Handler	4	static
stm32h7xx_it.c:89:6:HardFault_Handler	4	static
stm32h7xx_it.c:104:6:MemManage_Handler	4	static
stm32h7xx_it.c:119:6:BusFault_Handler	4	static
stm32h7xx_it.c:134:6:UsageFault_Handler	4	static
stm32h7xx_it.c:149:6:DebugMon_Handler	4	static
stm32h7xx_it.c:169:6:TIM2_IRQHandler	8	static
stm32h7xx_it.c:183:6:I2C2_EV_IRQHandler	8	static
stm32h7xx_it.c:197:6:TIM8_UP_TIM13_IRQHandler	8	static
stm32h7xx_it.c:211:6:CM7_SEV_IRQHandler	4	static
stm32h7xx_it.c:224:6:HSEM2_IRQHandler	8	static
stm32h7xx_it.c:238:6:HOLD_CORE_IRQHandler	4	static
